[38;5;238m‚îÉ[0m [1;38;2;117;113;249mThis is a very long title. Are you sure you want to commit those changes?[0m[38;5;243m[0m     
[38;5;238m‚îÉ[0m                                                                               
[38;5;238m‚îÉ[0m                              [48;5;237m  [0m[38;5;252;48;5;237mYes[0m[48;5;237m  [0m [48;2;247;128;226m  [0m[38;2;255;253;245;48;2;247;128;226mNo[0m[48;2;247;128;226m  [0m                                   
                                                                                
[38;2;97;97;97m‚Üê/‚Üí[0m [38;2;73;73;73mtoggle[0m[38;2;60;60;60m ‚Ä¢ [0m[38;2;97;97;97menter[0m [38;2;73;73;73msubmit[0m[38;2;60;60;60m ‚Ä¢ [0m[38;2;97;97;97my[0m [38;2;73;73;73mYes[0m[38;2;60;60;60m ‚Ä¢ [0m[38;2;97;97;97mn[0m [38;2;73;73;73mNo[0m